
> temp-app@0.1.0 build
> next build

Γû▓ Next.js 16.1.6 (Turbopack)
- Environments: .env.local

  Creating an optimized production build ...
Γ£ô Compiled successfully in 5.9s
  Running TypeScript ...
node.exe : Failed to compile.
At line:1 char:1
+ & "C:\Program Files\nodejs/node.exe" "C:\Program 
Files\nodejs/node_mo ...
+ ~~~~~~~~~~~~~~~~~~~~~~~~~~~~~~~~~~~~~~~~~~~~~~~~~~~~~~
~~~~~~~~~~~~~~~
    + CategoryInfo          : NotSpecified: (Failed to  
   compile.:String) [], RemoteException
    + FullyQualifiedErrorId : NativeCommandError
 

./components/github/GitHubGraph.tsx:49:31
Type error: Parameter 'week' implicitly has an 'any' 
type.

[0m [90m 47 |[39m         [33m<[39m[33mdiv[39m 
className[33m=[39m[32m"w-full overflow-x-auto pb-2 
scrollbar-hide"[39m[33m>[39m
 [90m 48 |[39m             [33m<[39m[33mdiv[39m 
className[33m=[39m[32m"flex gap-[3px] 
min-w-max"[39m[33m>[39m
[31m[1m>[22m[39m[90m 49 |[39m                 
{mapData[33m.[39mmap((week[33m,[39m wIndex) 
[33m=>[39m (
 [90m    |[39m                               
[31m[1m^[22m[39m
 [90m 50 |[39m                     
[33m<[39m[33mdiv[39m key[33m=[39m{wIndex} 
className[33m=[39m[32m"flex flex-col 
gap-[3px]"[39m[33m>[39m
 [90m 51 |[39m                         
{week[33m.[39mmap((level[33m,[39m dIndex) 
[33m=>[39m (
 [90m 52 |[39m                             
[33m<[39m[33mdiv[39m[0m
Next.js build worker exited with code: 1 and signal: 
null
